../Core/Src/main.c:96:5:main	8	static
../Core/Src/main.c:187:6:SystemClock_Config	88	static
../Core/Src/main.c:234:13:MX_ADC1_Init	24	static
../Core/Src/main.c:286:13:MX_USART1_UART_Init	8	static
../Core/Src/main.c:319:13:MX_USART2_UART_Init	8	static
../Core/Src/main.c:350:13:MX_DMA_Init	16	static
../Core/Src/main.c:375:13:MX_GPIO_Init	48	static
../Core/Src/main.c:459:6:StartDefaultTask	16	static
../Core/Src/main.c:477:6:StartTask02	16	static
../Core/Src/main.c:492:6:Error_Handler	4	static,ignoring_inline_asm
