../Core/Src/main.c:88:5:_write	32	static
../Core/Src/main.c:96:6:setOffAlarm	16	static
../Core/Src/main.c:104:6:turnOnLeds	24	static
../Core/Src/main.c:125:6:turnOnLedsTemp	24	static
../Core/Src/main.c:152:5:main	112	static
../Core/Src/main.c:326:6:SystemClock_Config	88	static
../Core/Src/main.c:371:13:MX_ADC1_Init	24	static
../Core/Src/main.c:421:13:MX_USART2_UART_Init	8	static
../Core/Src/main.c:454:13:MX_GPIO_Init	48	static
../Core/Src/main.c:534:6:StartDefaultTask	16	static
../Core/Src/main.c:552:6:StartTask02	16	static
../Core/Src/main.c:570:6:StartTask_HW	16	static
../Core/Src/main.c:585:6:Error_Handler	4	static,ignoring_inline_asm
