19:12:26 **** Build of configuration Debug for project Proy_SEU_IoT22_00PROF06 ****
make -j16 all 
arm-none-eabi-gcc "../Core/Src/main.c" -mcpu=cortex-m4 -std=gnu11 -g3 -DDEBUG '-DPASCU_PRJ="Proy_SEU_IoT22_00PROF06.elf"' -DUSE_HAL_DRIVER -DSTM32F411xE -c -I../Core/Inc -I../Middlewares/Third_Party/FreeRTOS/Source/include -I../Middlewares/Third_Party/FreeRTOS/Source/portable/GCC/ARM_CM4F -I../Drivers/CMSIS/Include -I../Drivers/STM32F4xx_HAL_Driver/Inc -I../Drivers/CMSIS/Device/ST/STM32F4xx/Include -I../Middlewares/Third_Party/FreeRTOS/Source/CMSIS_RTOS_V2 -I../Drivers/STM32F4xx_HAL_Driver/Inc/Legacy -O0 -ffunction-sections -fdata-sections -Wall -fstack-usage -fcyclomatic-complexity -MMD -MP -MF"Core/Src/main.d" -MT"Core/Src/main.o" --specs=nano.specs -mfpu=fpv4-sp-d16 -mfloat-abi=hard -mthumb -o "Core/Src/main.o"
arm-none-eabi-gcc -o "Proy_SEU_IoT22_00PROF06.elf" @"objects.list"   -mcpu=cortex-m4 -T"C:\Users\sbrot\STM32CubeIDE\workspace_1.8.0\Proy_SEU_IoT22_00PROF06\STM32F411RETX_FLASH.ld" --specs=nosys.specs -Wl,-Map="Proy_SEU_IoT22_00PROF06.map" -Wl,--gc-sections -static --specs=nano.specs -mfpu=fpv4-sp-d16 -mfloat-abi=hard -mthumb -u _printf_float -Wl,--start-group -lc -lm -Wl,--end-group
Finished building target: Proy_SEU_IoT22_00PROF06.elf
 
arm-none-eabi-size   Proy_SEU_IoT22_00PROF06.elf 
arm-none-eabi-objdump -h -S  Proy_SEU_IoT22_00PROF06.elf  > "Proy_SEU_IoT22_00PROF06.list"
   text	   data	    bss	    dec	    hex	filename
  69748	    504	  91536	 161788	  277fc	Proy_SEU_IoT22_00PROF06.elf
Finished building: default.size.stdout
 
Finished building: Proy_SEU_IoT22_00PROF06.list
 

19:12:28 Build Finished. 0 errors, 0 warnings. (took 1s.763ms)

