19:51:52 **** Incremental Build of configuration Debug for project SEU_EN3_SBC_54016341J ****
make -j16 all 
arm-none-eabi-gcc "../Core/Src/task_READ.c" -mcpu=cortex-m4 -std=gnu11 -g3 -DDEBUG '-DPASCU_PRJ="SEU_EN3_SBC_54016341J.elf"' -DUSE_HAL_DRIVER -DSTM32F411xE -c -I../Core/Inc -I../Middlewares/Third_Party/FreeRTOS/Source/include -I../Middlewares/Third_Party/FreeRTOS/Source/portable/GCC/ARM_CM4F -I../Drivers/CMSIS/Include -I../Drivers/STM32F4xx_HAL_Driver/Inc -I../Drivers/CMSIS/Device/ST/STM32F4xx/Include -I../Middlewares/Third_Party/FreeRTOS/Source/CMSIS_RTOS_V2 -I../Drivers/STM32F4xx_HAL_Driver/Inc/Legacy -O0 -ffunction-sections -fdata-sections -Wall -fstack-usage -fcyclomatic-complexity -MMD -MP -MF"Core/Src/task_READ.d" -MT"Core/Src/task_READ.o" --specs=nano.specs -mfpu=fpv4-sp-d16 -mfloat-abi=hard -mthumb -o "Core/Src/task_READ.o"
../Core/Src/task_READ.c: In function 'read':
../Core/Src/task_READ.c:46:31: warning: implicit declaration of function 'ESP_Send_Request' [-Wimplicit-function-declaration]
   46 |  COMM_request.HTTP_response = ESP_Send_Request(COMM_request.dst_address, COMM_request.dst_port, COMM_request.HTTP_request);
      |                               ^~~~~~~~~~~~~~~~
../Core/Src/task_READ.c:46:29: warning: assignment to 'uint8_t *' {aka 'unsigned char *'} from 'int' makes pointer from integer without a cast [-Wint-conversion]
   46 |  COMM_request.HTTP_response = ESP_Send_Request(COMM_request.dst_address, COMM_request.dst_port, COMM_request.HTTP_request);
      |                             ^
../Core/Src/task_READ.c:51:63: warning: pointer targets in passing argument 1 of 'strlen' differ in signedness [-Wpointer-sign]
   51 |  cleanResponse(COMM_request.HTTP_response, strlen(COMM_request.HTTP_response));
      |                                                   ~~~~~~~~~~~~^~~~~~~~~~~~~~
      |                                                               |
      |                                                               uint8_t * {aka unsigned char *}
In file included from ../Core/Src/task_READ.c:9:
c:\st\stm32cubeide_1.8.0\stm32cubeide\plugins\com.st.stm32cube.ide.mcu.externaltools.gnu-tools-for-stm32.10.3-2021.10.win32_1.0.200.202301161003\tools\arm-none-eabi\include\string.h:41:17: note: expected 'const char *' but argument is of type 'uint8_t *' {aka 'unsigned char *'}
   41 | size_t  strlen (const char *);
      |                 ^~~~~~~~~~~~
arm-none-eabi-gcc -o "SEU_EN3_SBC_54016341J.elf" @"objects.list"   -mcpu=cortex-m4 -T"C:\Users\sbrot\STM32CubeIDE\workspace_1.8.0\SEU_EN3_SBC_54016341J\STM32F411RETX_FLASH.ld" --specs=nosys.specs -Wl,-Map="SEU_EN3_SBC_54016341J.map" -Wl,--gc-sections -static --specs=nano.specs -mfpu=fpv4-sp-d16 -mfloat-abi=hard -mthumb -u _printf_float -Wl,--start-group -lc -lm -Wl,--end-group
Finished building target: SEU_EN3_SBC_54016341J.elf
 
arm-none-eabi-size   SEU_EN3_SBC_54016341J.elf 
arm-none-eabi-objdump -h -S  SEU_EN3_SBC_54016341J.elf  > "SEU_EN3_SBC_54016341J.list"
   text	   data	    bss	    dec	    hex	filename
  51248	    492	  91900	 143640	  23118	SEU_EN3_SBC_54016341J.elf
Finished building: default.size.stdout
 
Finished building: SEU_EN3_SBC_54016341J.list
 

19:51:53 Build Finished. 0 errors, 3 warnings. (took 884ms)

