../Core/Src/main.c:96:5:main	8	static
../Core/Src/main.c:181:6:SystemClock_Config	88	static
../Core/Src/main.c:228:13:MX_ADC1_Init	24	static
../Core/Src/main.c:280:13:MX_USART1_UART_Init	8	static
../Core/Src/main.c:313:13:MX_USART2_UART_Init	8	static
../Core/Src/main.c:344:13:MX_DMA_Init	16	static
../Core/Src/main.c:369:13:MX_GPIO_Init	48	static
../Core/Src/main.c:453:6:StartDefaultTask	16	static
../Core/Src/main.c:471:6:StartTask02	16	static
../Core/Src/main.c:486:6:Error_Handler	4	static,ignoring_inline_asm
